[2026-09-30 22:53:35.699] [DEFAULT] [GODS-EYE] God's Eye grid online. Perimeter anchored at: C:\EngineEnforcer
[2026-09-30 22:53:37.939] [CRITICAL] [GODS-EYE] Perimeter breach detected! Harmony Index dropped to: 0.0439 (Limit: 0.8)
[2026-09-30 22:53:37.944] [CRITICAL] [GODS-EYE] Engaging counter-measures: Flushing caches, locking state matrices.
[2026-09-30 22:53:43.154] [CRITICAL] [GODS-EYE] Perimeter breach detected! Harmony Index dropped to: 0.044 (Limit: 0.8)
[2026-09-30 22:53:43.159] [CRITICAL] [GODS-EYE] Engaging counter-measures: Flushing caches, locking state matrices.
[2026-09-30 22:53:48.358] [CRITICAL] [GODS-EYE] Perimeter breach detected! Harmony Index dropped to: 0.0438 (Limit: 0.8)
[2026-09-30 22:53:48.364] [CRITICAL] [GODS-EYE] Engaging counter-measures: Flushing caches, locking state matrices.
[2026-09-30 22:53:53.513] [CRITICAL] [GODS-EYE] Perimeter breach detected! Harmony Index dropped to: 0.0439 (Limit: 0.8)
[2026-09-30 22:53:53.518] [CRITICAL] [GODS-EYE] Engaging counter-measures: Flushing caches, locking state matrices.
[2026-09-30 22:53:58.661] [CRITICAL] [GODS-EYE] Perimeter breach detected! Harmony Index dropped to: 0.044 (Limit: 0.8)
[2026-09-30 22:53:58.666] [CRITICAL] [GODS-EYE] Engaging counter-measures: Flushing caches, locking state matrices.
[2026-09-30 22:54:04.186] [CRITICAL] [GODS-EYE] Perimeter breach detected! Harmony Index dropped to: 0.0438 (Limit: 0.8)
[2026-09-30 22:54:04.192] [CRITICAL] [GODS-EYE] Engaging counter-measures: Flushing caches, locking state matrices.
[2026-09-30 22:54:09.584] [CRITICAL] [GODS-EYE] Perimeter breach detected! Harmony Index dropped to: 0.044 (Limit: 0.8)
[2026-09-30 22:54:09.590] [CRITICAL] [GODS-EYE] Engaging counter-measures: Flushing caches, locking state matrices.
[2026-09-30 22:54:14.848] [CRITICAL] [GODS-EYE] Perimeter breach detected! Harmony Index dropped to: 0.044 (Limit: 0.8)
[2026-09-30 22:54:14.853] [CRITICAL] [GODS-EYE] Engaging counter-measures: Flushing caches, locking state matrices.
[2026-09-30 22:54:20.281] [CRITICAL] [GODS-EYE] Perimeter breach detected! Harmony Index dropped to: 0.0438 (Limit: 0.8)
[2026-09-30 22:54:20.287] [CRITICAL] [GODS-EYE] Engaging counter-measures: Flushing caches, locking state matrices.
[2026-09-30 22:54:25.380] [CRITICAL] [GODS-EYE] Perimeter breach detected! Harmony Index dropped to: 0.044 (Limit: 0.8)
[2026-09-30 22:54:25.385] [CRITICAL] [GODS-EYE] Engaging counter-measures: Flushing caches, locking state matrices.
[2026-09-30 22:54:31.646] [DEFAULT] [GODS-EYE] Calibrated God's Eye grid online. Perimeter anchored at: C:\EngineEnforcer
[2026-09-30 22:54:33.733] [CRITICAL] [GODS-EYE] Perimeter anomaly! Harmony Index: 0.044 (Threshold: 0.4)
[2026-09-30 22:54:40.868] [CRITICAL] [GODS-EYE] Perimeter anomaly! Harmony Index: 0.0438 (Threshold: 0.4)
[2026-09-30 22:54:48.251] [CRITICAL] [GODS-EYE] Perimeter anomaly! Harmony Index: 0.044 (Threshold: 0.4)
[2026-09-30 22:54:55.257] [CRITICAL] [GODS-EYE] Perimeter anomaly! Harmony Index: 0.044 (Threshold: 0.4)
[2026-09-30 22:55:02.343] [CRITICAL] [GODS-EYE] Perimeter anomaly! Harmony Index: 0.0439 (Threshold: 0.4)
